// Jest Snapshot v1, https://goo.gl/fbAQLP

exports[`Blockchain tests Helper functions getDomainDetails gets rootdomain and resolver details 1`] = `"0xe301017012204edd2984eeaf3ddf50bac238ec95c5713fb40b5e428b508fdbe55d3b9f155ffe"`;
